{
    "sarscov2 - bam - stub": {
        "content": [
            {
                "0": [
                    [
                        {
                            "id": "test",
                            "single_end": false
                        },
                        "test.CollectHsMetrics.coverage_metrics:md5,d41d8cd98f00b204e9800998ecf8427e"
                    ]
                ],
                "1": [
                    "versions.yml:md5,e2a565b586e0aecbb72f1f0d27df7b8d"
                ],
                "metrics": [
                    [
                        {
                            "id": "test",
                            "single_end": false
                        },
                        "test.CollectHsMetrics.coverage_metrics:md5,d41d8cd98f00b204e9800998ecf8427e"
                    ]
                ],
                "versions": [
                    "versions.yml:md5,e2a565b586e0aecbb72f1f0d27df7b8d"
                ]
            }
        ],
        "meta": {
            "nf-test": "0.8.4",
            "nextflow": "23.10.1"
        },
        "timestamp": "2024-06-07T10:31:52.003489"
    },
    "sarscov2 - bam - nofasta": {
        "content": [
            {
                "0": [
                    [
                        {
                            "id": "test",
                            "single_end": false
                        },
                        "test.CollectHsMetrics.coverage_metrics:md5,1b091a3a08ef3ec5c6c58a9e816614c4"
                    ]
                ],
                "1": [
                    "versions.yml:md5,e2a565b586e0aecbb72f1f0d27df7b8d"
                ],
                "metrics": [
                    [
                        {
                            "id": "test",
                            "single_end": false
                        },
                        "test.CollectHsMetrics.coverage_metrics:md5,1b091a3a08ef3ec5c6c58a9e816614c4"
                    ]
                ],
                "versions": [
                    "versions.yml:md5,e2a565b586e0aecbb72f1f0d27df7b8d"
                ]
            }
        ],
        "meta": {
            "nf-test": "0.8.4",
            "nextflow": "23.10.1"
        },
        "timestamp": "2024-06-07T10:42:35.220964"
    },
    "sarscov2 - bam - samebed": {
        "content": [
            {
                "0": [
                    [
                        {
                            "id": "test",
                            "single_end": false
                        },
                        "test.CollectHsMetrics.coverage_metrics:md5,c320a9d8088ed4f70f1d85900596472c"
                    ]
                ],
                "1": [
                    "versions.yml:md5,e2a565b586e0aecbb72f1f0d27df7b8d"
                ],
                "metrics": [
                    [
                        {
                            "id": "test",
                            "single_end": false
                        },
                        "test.CollectHsMetrics.coverage_metrics:md5,c320a9d8088ed4f70f1d85900596472c"
                    ]
                ],
                "versions": [
                    "versions.yml:md5,e2a565b586e0aecbb72f1f0d27df7b8d"
                ]
            }
        ],
        "meta": {
            "nf-test": "0.8.4",
            "nextflow": "23.10.1"
        },
        "timestamp": "2024-06-07T10:43:29.4803"
    },
    "sarscov2 - bam": {
        "content": [
            {
                "0": [
                    [
                        {
                            "id": "test",
                            "single_end": false
                        },
                        "test.CollectHsMetrics.coverage_metrics:md5,7b2a314db78df3da460f816e2e05a915"
                    ]
                ],
                "1": [
                    "versions.yml:md5,e2a565b586e0aecbb72f1f0d27df7b8d"
                ],
                "metrics": [
                    [
                        {
                            "id": "test",
                            "single_end": false
                        },
                        "test.CollectHsMetrics.coverage_metrics:md5,7b2a314db78df3da460f816e2e05a915"
                    ]
                ],
                "versions": [
                    "versions.yml:md5,e2a565b586e0aecbb72f1f0d27df7b8d"
                ]
            }
        ],
        "meta": {
            "nf-test": "0.8.4",
            "nextflow": "23.10.1"
        },
        "timestamp": "2024-06-07T10:42:05.289673"
    },
    "sarscov2 - bam - bed": {
        "content": [
            {
                "0": [
                    [
                        {
                            "id": "test",
                            "single_end": false
                        },
                        "test.CollectHsMetrics.coverage_metrics:md5,847e39b50d8da6707e2ac482d4926706"
                    ]
                ],
                "1": [
                    "versions.yml:md5,e2a565b586e0aecbb72f1f0d27df7b8d"
                ],
                "metrics": [
                    [
                        {
                            "id": "test",
                            "single_end": false
                        },
                        "test.CollectHsMetrics.coverage_metrics:md5,847e39b50d8da6707e2ac482d4926706"
                    ]
                ],
                "versions": [
                    "versions.yml:md5,e2a565b586e0aecbb72f1f0d27df7b8d"
                ]
            }
        ],
        "meta": {
            "nf-test": "0.8.4",
            "nextflow": "23.10.1"
        },
        "timestamp": "2024-06-07T10:43:01.415543"
    }
}